TEST RESULTS
Accuracy : 97.01%
============================================================
                  precision    recall  f1-score   support

      Atari_2600     0.9268    0.9500    0.9383       120
        Game_Boy     0.9796    0.9600    0.9697       150
Game_Boy_Advance     0.9803    0.9933    0.9868       150
             N64     0.9867    0.9867    0.9867       150
             NES     0.9865    0.9733    0.9799       150
    Sega_Genesis     0.9533    0.9533    0.9533       150

        accuracy                         0.9701       870
       macro avg     0.9689    0.9694    0.9691       870
    weighted avg     0.9703    0.9701    0.9702       870
